python : C:\Users\cole
m\Code\blackglass-shar
d-alpha\modules\safety
_gasket.py:3: 
UserWarning: The 
NumPy module was 
reloaded (imported a 
second time). This 
can in some cases 
result in small but 
subtle issues and is 
discouraged.
At line:1 char:1
+ python tests/test_ga
sket_crisis.py > 
test_output.txt 2>&1
+ ~~~~~~~~~~~~~~~~~~~~
~~~~~~~~~~~~~~~~~~~~~~
~~~~~~~~~~~~~~~
    + CategoryInfo    
          : 
NotSpecified: (C:\    
Users\colem\...is 
disc    
ouraged.:String) [], 
R    emoteException
    + 
FullyQualifiedErrorI  
  d : 
NativeCommandError
 
  import numpy as np

=== TEST 1: TOCTOU HIGH-ENTROPY ATTACK ===
OUTPUT: ['Safe', 'Safe', 'Safe', 'Safe', 'POISON_PAYLOAD']
FAILURE: Iron Dome NOT Triggered.
FAILURE: No Lockout File.

=== TEST 2: CLOUD DRIFT / PANIC FRAME ===
OUTPUT: ['TokenA', 'TokenB', 'TokenC', 'TokenD']
FAILURE: Panic Frame missed

=== TEST 3: LOCKED STATE ===
CRITICAL:System5Gasket:SYSTEM_LOCKED: Request denied by Iron Dome.
...
----------------------
----------------------
----------------------
----
Ran 3 tests in 0.133s

OK
OUTPUT: ['[SYSTEM_LOCKED]']
SUCCESS: Request Rejected
